 INFO  Accepting connections at http://localhost:3001
 HTTP  9/16/2026 1:15:51 AM ::1 GET /
 HTTP  9/16/2026 1:15:52 AM ::1 GET /
 HTTP  9/16/2026 1:15:51 AM ::1 Returned 200 in 446 ms
 HTTP  9/16/2026 1:15:52 AM ::1 Returned 200 in 15 ms
 HTTP  9/16/2026 1:15:52 AM ::1 GET /_expo/static/js/web/index-15b66a2225f5eacbc8175786893745d1.js
 HTTP  9/16/2026 1:15:52 AM ::1 GET /_expo/static/js/web/index-15b66a2225f5eacbc8175786893745d1.js
 HTTP  9/16/2026 1:15:52 AM ::1 Returned 200 in 34 ms
 HTTP  9/16/2026 1:15:52 AM ::1 Returned 200 in 39 ms
 HTTP  9/16/2026 1:15:53 AM ::1 GET /assets/node_modules/.pnpm/@expo+vector-icons@15.0.3_expo-font@14.0.11_expo@54.0.33_react-native@0.81.5_@babel+cor_c4febbf40863ea7f4f42b89187881cf6/node_modules/@expo/vector-icons/build/vendor/react-native-vector-icons/Fonts/Ionicons.b4eb097d35f44ed943676fd56f6bdc51.ttf
 HTTP  9/16/2026 1:15:53 AM ::1 Returned 200 in 7 ms
 HTTP  9/16/2026 1:15:53 AM ::1 GET /assets/node_modules/.pnpm/@expo+vector-icons@15.0.3_expo-font@14.0.11_expo@54.0.33_react-native@0.81.5_@babel+cor_c4febbf40863ea7f4f42b89187881cf6/node_modules/@expo/vector-icons/build/vendor/react-native-vector-icons/Fonts/Ionicons.b4eb097d35f44ed943676fd56f6bdc51.ttf
 HTTP  9/16/2026 1:15:53 AM ::1 Returned 200 in 1 ms
 HTTP  9/16/2026 1:16:05 AM ::1 GET /
 HTTP  9/16/2026 1:16:05 AM ::1 Returned 200 in 1 ms
 HTTP  9/16/2026 1:16:05 AM ::1 GET /_expo/static/js/web/index-15b66a2225f5eacbc8175786893745d1.js
 HTTP  9/16/2026 1:16:05 AM ::1 Returned 200 in 1 ms
 HTTP  9/16/2026 1:16:06 AM ::1 GET /assets/node_modules/.pnpm/@expo+vector-icons@15.0.3_expo-font@14.0.11_expo@54.0.33_react-native@0.81.5_@babel+cor_c4febbf40863ea7f4f42b89187881cf6/node_modules/@expo/vector-icons/build/vendor/react-native-vector-icons/Fonts/Ionicons.b4eb097d35f44ed943676fd56f6bdc51.ttf
 HTTP  9/16/2026 1:16:06 AM ::1 Returned 200 in 2 ms
 HTTP  9/16/2026 1:16:07 AM ::1 GET /
 HTTP  9/16/2026 1:16:07 AM ::1 Returned 304 in 1 ms
 HTTP  9/16/2026 1:16:07 AM ::1 GET /_expo/static/js/web/index-15b66a2225f5eacbc8175786893745d1.js
 HTTP  9/16/2026 1:16:07 AM ::1 Returned 304 in 1 ms
 HTTP  9/16/2026 1:16:07 AM ::1 GET /assets/node_modules/.pnpm/@expo+vector-icons@15.0.3_expo-font@14.0.11_expo@54.0.33_react-native@0.81.5_@babel+cor_c4febbf40863ea7f4f42b89187881cf6/node_modules/@expo/vector-icons/build/vendor/react-native-vector-icons/Fonts/Ionicons.b4eb097d35f44ed943676fd56f6bdc51.ttf
 HTTP  9/16/2026 1:16:07 AM ::1 Returned 304 in 0 ms
 HTTP  9/16/2026 1:16:14 AM ::1 GET /
 HTTP  9/16/2026 1:16:14 AM ::1 Returned 200 in 1 ms
 HTTP  9/16/2026 1:16:14 AM ::1 GET /_expo/static/js/web/index-15b66a2225f5eacbc8175786893745d1.js
 HTTP  9/16/2026 1:16:14 AM ::1 Returned 200 in 1 ms
 HTTP  9/16/2026 1:16:14 AM ::1 GET /assets/node_modules/.pnpm/@expo+vector-icons@15.0.3_expo-font@14.0.11_expo@54.0.33_react-native@0.81.5_@babel+cor_c4febbf40863ea7f4f42b89187881cf6/node_modules/@expo/vector-icons/build/vendor/react-native-vector-icons/Fonts/Ionicons.b4eb097d35f44ed943676fd56f6bdc51.ttf
 HTTP  9/16/2026 1:16:14 AM ::1 Returned 200 in 1 ms
 HTTP  9/16/2026 1:16:19 AM ::1 GET /
 HTTP  9/16/2026 1:16:19 AM ::1 Returned 200 in 1 ms
 HTTP  9/16/2026 1:16:19 AM ::1 GET /_expo/static/js/web/index-15b66a2225f5eacbc8175786893745d1.js
 HTTP  9/16/2026 1:16:19 AM ::1 Returned 200 in 1 ms
 HTTP  9/16/2026 1:16:19 AM ::1 GET /
 HTTP  9/16/2026 1:16:19 AM ::1 Returned 200 in 1 ms
 HTTP  9/16/2026 1:16:19 AM ::1 GET /_expo/static/js/web/index-15b66a2225f5eacbc8175786893745d1.js
 HTTP  9/16/2026 1:16:19 AM ::1 Returned 200 in 0 ms
 HTTP  9/16/2026 1:16:19 AM ::1 GET /assets/node_modules/.pnpm/@expo+vector-icons@15.0.3_expo-font@14.0.11_expo@54.0.33_react-native@0.81.5_@babel+cor_c4febbf40863ea7f4f42b89187881cf6/node_modules/@expo/vector-icons/build/vendor/react-native-vector-icons/Fonts/Ionicons.b4eb097d35f44ed943676fd56f6bdc51.ttf
 HTTP  9/16/2026 1:16:19 AM ::1 Returned 200 in 2 ms
 HTTP  9/16/2026 1:16:19 AM ::1 GET /assets/node_modules/.pnpm/@expo+vector-icons@15.0.3_expo-font@14.0.11_expo@54.0.33_react-native@0.81.5_@babel+cor_c4febbf40863ea7f4f42b89187881cf6/node_modules/@expo/vector-icons/build/vendor/react-native-vector-icons/Fonts/Ionicons.b4eb097d35f44ed943676fd56f6bdc51.ttf
 HTTP  9/16/2026 1:16:19 AM ::1 Returned 200 in 1 ms
 HTTP  9/16/2026 1:16:22 AM ::1 GET /
 HTTP  9/16/2026 1:16:22 AM ::1 Returned 200 in 1 ms
 HTTP  9/16/2026 1:16:22 AM ::1 GET /_expo/static/js/web/index-15b66a2225f5eacbc8175786893745d1.js
 HTTP  9/16/2026 1:16:22 AM ::1 Returned 200 in 1 ms
 HTTP  9/16/2026 1:16:22 AM ::1 GET /assets/node_modules/.pnpm/@expo+vector-icons@15.0.3_expo-font@14.0.11_expo@54.0.33_react-native@0.81.5_@babel+cor_c4febbf40863ea7f4f42b89187881cf6/node_modules/@expo/vector-icons/build/vendor/react-native-vector-icons/Fonts/Ionicons.b4eb097d35f44ed943676fd56f6bdc51.ttf
 HTTP  9/16/2026 1:16:22 AM ::1 Returned 200 in 1 ms
